// Jest Snapshot v1, https://goo.gl/fbAQLP

exports[`MyList корректно рендерится после перезапуска 1`] = `
<Fragment>
  <div
    className="user-page"
  >
    <Connect(Header)
      title="My list"
    />
    <section
      className="catalog"
    >
      <h2
        className="catalog__title visually-hidden"
      >
        Catalog
      </h2>
      <FilmList
        films={Array []}
      />
    </section>
    <Footer />
  </div>
</Fragment>
`;
