// Jest Snapshot v1, https://goo.gl/fbAQLP

exports[`Header рендерится корректно 1`] = `ShallowWrapper {}`;
