// Jest Snapshot v1, https://goo.gl/fbAQLP

exports[`AddReview корректно рендерится после перезапуска 1`] = `
<section
  className="movie-card movie-card--full"
  style={
    Object {
      "backgroundColor": "undefined",
    }
  }
>
  <div
    className="movie-card__header"
  >
    <div
      className="movie-card__bg"
    >
      <img
        alt=""
      />
    </div>
    <h1
      className="visually-hidden"
    >
      WTW
    </h1>
    <header
      className="page-header"
    >
      <Logo />
      <nav
        className="breadcrumbs"
      >
        <ul
          className="breadcrumbs__list"
        >
          <li
            className="breadcrumbs__item"
          >
            <Link
              className="breadcrumbs__link"
              to="/films/"
            />
          </li>
          <li
            className="breadcrumbs__item"
          >
            <span
              className="breadcrumbs__link"
            >
              Add review
            </span>
          </li>
        </ul>
      </nav>
      <div
        className="user-block"
      >
        <Link
          to="/login"
        >
          Sign In
        </Link>
      </div>
    </header>
    <div
      className="movie-card__poster movie-card__poster--small"
    >
      <img
        alt=""
        height="327"
        width="218"
      />
    </div>
  </div>
  <div
    className="add-review"
  >
    <form
      action="#"
      className="add-review__form"
      onSubmit={[Function]}
    >
      <fieldset
        id="fields"
      >
        <div
          className="rating"
        >
          <div
            className="rating__stars"
          >
            <input
              className="rating__input"
              id="star-1"
              name="rating"
              type="radio"
              value="1"
            />
            <label
              className="rating__label"
              htmlFor="star-1"
            >
              Rating 1
            </label>
            <input
              className="rating__input"
              id="star-2"
              name="rating"
              type="radio"
              value="2"
            />
            <label
              className="rating__label"
              htmlFor="star-2"
            >
              Rating 2
            </label>
            <input
              className="rating__input"
              defaultChecked={true}
              id="star-3"
              name="rating"
              type="radio"
              value="3"
            />
            <label
              className="rating__label"
              htmlFor="star-3"
            >
              Rating 3
            </label>
            <input
              className="rating__input"
              id="star-4"
              name="rating"
              type="radio"
              value="4"
            />
            <label
              className="rating__label"
              htmlFor="star-4"
            >
              Rating 4
            </label>
            <input
              className="rating__input"
              id="star-5"
              name="rating"
              type="radio"
              value="5"
            />
            <label
              className="rating__label"
              htmlFor="star-5"
            >
              Rating 5
            </label>
          </div>
        </div>
        <div
          className="add-review__text"
        >
          <textarea
            className="add-review__textarea"
            id="review-text"
            maxLength="400"
            minLength="50"
            name="review-text"
            placeholder="Review text"
            required={true}
          />
          <div
            className="add-review__submit"
          >
            <button
              className="add-review__btn"
              type="submit"
            >
              Post
            </button>
          </div>
        </div>
      </fieldset>
    </form>
  </div>
</section>
`;
