// Jest Snapshot v1, https://goo.gl/fbAQLP

exports[`ShowMoreButton rendered 1`] = `ShallowWrapper {}`;
