// Jest Snapshot v1, https://goo.gl/fbAQLP

exports[`SignIn рендерится корректно 1`] = `ShallowWrapper {}`;
